C:/Users/ASUS/Downloads/portunas_fw2(defult) (1)/portunas_fw2/Application/USBDevice/App/mrd2_sppp_cdc.c:142:15:CDC_Init_FS	8	static
C:/Users/ASUS/Downloads/portunas_fw2(defult) (1)/portunas_fw2/Application/USBDevice/App/mrd2_sppp_cdc.c:156:15:CDC_DeInit_FS	4	static
C:/Users/ASUS/Downloads/portunas_fw2(defult) (1)/portunas_fw2/Application/USBDevice/App/mrd2_sppp_cdc.c:170:15:CDC_Control_FS	16	static
C:/Users/ASUS/Downloads/portunas_fw2(defult) (1)/portunas_fw2/Application/USBDevice/App/mrd2_sppp_cdc.c:251:15:CDC_Receive_FS	24	static
C:/Users/ASUS/Downloads/portunas_fw2(defult) (1)/portunas_fw2/Application/USBDevice/App/mrd2_sppp_cdc.c:278:9:CDC_Transmit_FS	24	static
C:/Users/ASUS/Downloads/portunas_fw2(defult) (1)/portunas_fw2/Application/USBDevice/App/mrd2_sppp_cdc.c:304:15:CDC_TransmitCplt_FS	32	static
C:/Users/ASUS/Downloads/portunas_fw2(defult) (1)/portunas_fw2/Application/USBDevice/App/mrd2_sppp_cdc.c:322:12:usb_outep_bufchain_init	24	static
C:/Users/ASUS/Downloads/portunas_fw2(defult) (1)/portunas_fw2/Application/USBDevice/App/mrd2_sppp_cdc.c:342:5:usb_cdc_receive_outep	24	static
C:/Users/ASUS/Downloads/portunas_fw2(defult) (1)/portunas_fw2/Application/USBDevice/App/mrd2_sppp_cdc.c:368:6:sppp_mrd2_cdc_if_link_input	104	static
C:/Users/ASUS/Downloads/portunas_fw2(defult) (1)/portunas_fw2/Application/USBDevice/App/mrd2_sppp_cdc.c:418:12:sppp_mrd2_cdc_if_link_output	32	static
C:/Users/ASUS/Downloads/portunas_fw2(defult) (1)/portunas_fw2/Application/USBDevice/App/mrd2_sppp_cdc.c:474:5:sppp_mrd2_cdc_if_init	16	static
