../../../../Drivers/CMSIS/Include/core_cm4.h:1667:26:__NVIC_GetPriorityGrouping	4	static
../../../../Drivers/CMSIS/Include/core_cm4.h:1679:22:__NVIC_EnableIRQ	16	static,ignoring_inline_asm
../../../../Drivers/CMSIS/Include/core_cm4.h:1717:22:__NVIC_DisableIRQ	16	static,ignoring_inline_asm
../../../../Drivers/CMSIS/Include/core_cm4.h:1809:22:__NVIC_SetPriority	16	static
../../../../Drivers/CMSIS/Include/core_cm4.h:1856:26:NVIC_EncodePriority	40	static
../../../../Drivers/STM32L4xx_HAL_Driver/Inc/stm32l4xx_ll_bus.h:563:22:LL_AHB2_GRP1_EnableClock	24	static
../../../../Drivers/STM32L4xx_HAL_Driver/Inc/stm32l4xx_ll_system.h:773:22:LL_SYSCFG_SetEXTISource	32	static,ignoring_inline_asm
../../../../Drivers/STM32L4xx_HAL_Driver/Inc/stm32l4xx_ll_exti.h:305:22:LL_EXTI_EnableIT_0_31	16	static
../../../../Drivers/STM32L4xx_HAL_Driver/Inc/stm32l4xx_ll_exti.h:377:22:LL_EXTI_DisableIT_0_31	16	static
../../../../Drivers/STM32L4xx_HAL_Driver/Inc/stm32l4xx_ll_exti.h:738:22:LL_EXTI_EnableRisingTrig_0_31	16	static
../../../../Drivers/STM32L4xx_HAL_Driver/Inc/stm32l4xx_ll_exti.h:804:22:LL_EXTI_DisableRisingTrig_0_31	16	static
../../../../Drivers/STM32L4xx_HAL_Driver/Inc/stm32l4xx_ll_exti.h:864:26:LL_EXTI_IsEnabledRisingTrig_0_31	16	static
../../../../Drivers/STM32L4xx_HAL_Driver/Inc/stm32l4xx_ll_exti.h:931:22:LL_EXTI_EnableFallingTrig_0_31	16	static
../../../../Drivers/STM32L4xx_HAL_Driver/Inc/stm32l4xx_ll_exti.h:996:22:LL_EXTI_DisableFallingTrig_0_31	16	static
../../../../Drivers/STM32L4xx_HAL_Driver/Inc/stm32l4xx_ll_exti.h:1054:26:LL_EXTI_IsEnabledFallingTrig_0_31	16	static
../../../../Drivers/STM32L4xx_HAL_Driver/Inc/stm32l4xx_ll_exti.h:1298:22:LL_EXTI_ClearFlag_0_31	16	static
../../../../Drivers/STM32L4xx_HAL_Driver/Inc/stm32l4xx_ll_gpio.h:285:22:LL_GPIO_SetPinMode	48	static,ignoring_inline_asm
../../../../Drivers/STM32L4xx_HAL_Driver/Inc/stm32l4xx_ll_gpio.h:319:26:LL_GPIO_GetPinMode	40	static,ignoring_inline_asm
../../../../Drivers/STM32L4xx_HAL_Driver/Inc/stm32l4xx_ll_gpio.h:354:22:LL_GPIO_SetPinOutputType	24	static
../../../../Drivers/STM32L4xx_HAL_Driver/Inc/stm32l4xx_ll_gpio.h:388:26:LL_GPIO_GetPinOutputType	32	static,ignoring_inline_asm
../../../../Drivers/STM32L4xx_HAL_Driver/Inc/stm32l4xx_ll_gpio.h:425:22:LL_GPIO_SetPinSpeed	48	static,ignoring_inline_asm
../../../../Drivers/STM32L4xx_HAL_Driver/Inc/stm32l4xx_ll_gpio.h:462:26:LL_GPIO_GetPinSpeed	40	static,ignoring_inline_asm
../../../../Drivers/STM32L4xx_HAL_Driver/Inc/stm32l4xx_ll_gpio.h:496:22:LL_GPIO_SetPinPull	48	static,ignoring_inline_asm
../../../../Drivers/STM32L4xx_HAL_Driver/Inc/stm32l4xx_ll_gpio.h:528:26:LL_GPIO_GetPinPull	40	static,ignoring_inline_asm
../../../../Drivers/STM32L4xx_HAL_Driver/Inc/stm32l4xx_ll_gpio.h:568:22:LL_GPIO_SetAFPin_0_7	48	static,ignoring_inline_asm
../../../../Drivers/STM32L4xx_HAL_Driver/Inc/stm32l4xx_ll_gpio.h:605:26:LL_GPIO_GetAFPin_0_7	40	static,ignoring_inline_asm
../../../../Drivers/STM32L4xx_HAL_Driver/Inc/stm32l4xx_ll_gpio.h:645:22:LL_GPIO_SetAFPin_8_15	48	static,ignoring_inline_asm
../../../../Drivers/STM32L4xx_HAL_Driver/Inc/stm32l4xx_ll_gpio.h:683:26:LL_GPIO_GetAFPin_8_15	40	static,ignoring_inline_asm
../../../../Drivers/STM32L4xx_HAL_Driver/Inc/stm32l4xx_ll_gpio.h:875:26:LL_GPIO_IsInputPinSet	16	static
../../../../Drivers/STM32L4xx_HAL_Driver/Inc/stm32l4xx_ll_gpio.h:927:26:LL_GPIO_IsOutputPinSet	16	static
../../../../Drivers/STM32L4xx_HAL_Driver/Inc/stm32l4xx_ll_gpio.h:956:22:LL_GPIO_SetOutputPin	16	static
../../../../Drivers/STM32L4xx_HAL_Driver/Inc/stm32l4xx_ll_gpio.h:985:22:LL_GPIO_ResetOutputPin	16	static
C:/Users/ASUS/Downloads/portunas_fw2(defult)/portunas_fw2/Application/System/board/stm32l4xx/gpio_dev.c:37:12:stm32_gpio_clock_enable	16	static
C:/Users/ASUS/Downloads/portunas_fw2(defult)/portunas_fw2/Application/System/board/stm32l4xx/gpio_dev.c:71:12:stm32_set_syscfg_exti	24	static
C:/Users/ASUS/Downloads/portunas_fw2(defult)/portunas_fw2/Application/System/board/stm32l4xx/gpio_dev.c:175:31:stm32_get_gpio_irq_table	16	static
C:/Users/ASUS/Downloads/portunas_fw2(defult)/portunas_fw2/Application/System/board/stm32l4xx/gpio_dev.c:216:32:stm32_get_gpio_nvic_table	16	static
C:/Users/ASUS/Downloads/portunas_fw2(defult)/portunas_fw2/Application/System/board/stm32l4xx/gpio_dev.c:248:12:stm32_gpio_init	16	static
C:/Users/ASUS/Downloads/portunas_fw2(defult)/portunas_fw2/Application/System/board/stm32l4xx/gpio_dev.c:321:17:stm32_gpio_get_property	24	static
C:/Users/ASUS/Downloads/portunas_fw2(defult)/portunas_fw2/Application/System/board/stm32l4xx/gpio_dev.c:397:12:stm32_gpio_interrupt_enable	56	static
C:/Users/ASUS/Downloads/portunas_fw2(defult)/portunas_fw2/Application/System/board/stm32l4xx/gpio_dev.c:496:12:stm32_gpio_interrupt_disable	32	static
C:/Users/ASUS/Downloads/portunas_fw2(defult)/portunas_fw2/Application/System/board/stm32l4xx/gpio_dev.c:554:12:stm32_gpio_ops_open	16	static
C:/Users/ASUS/Downloads/portunas_fw2(defult)/portunas_fw2/Application/System/board/stm32l4xx/gpio_dev.c:561:12:stm32_gpio_ops_close	16	static
C:/Users/ASUS/Downloads/portunas_fw2(defult)/portunas_fw2/Application/System/board/stm32l4xx/gpio_dev.c:568:12:stm32_gpio_ops_read	24	static
C:/Users/ASUS/Downloads/portunas_fw2(defult)/portunas_fw2/Application/System/board/stm32l4xx/gpio_dev.c:582:12:stm32_gpio_ops_write	24	static
C:/Users/ASUS/Downloads/portunas_fw2(defult)/portunas_fw2/Application/System/board/stm32l4xx/gpio_dev.c:597:12:stm32_gpio_ops_config	40	static
C:/Users/ASUS/Downloads/portunas_fw2(defult)/portunas_fw2/Application/System/board/stm32l4xx/gpio_dev.c:632:6:stm32_gpio_exit_callback	16	static
