../../../../Drivers/STM32L4xx_HAL_Driver/Inc/stm32l4xx_ll_rcc.h:2054:22:LL_RCC_HSE_Enable	4	static
../../../../Drivers/STM32L4xx_HAL_Driver/Inc/stm32l4xx_ll_rcc.h:2074:26:LL_RCC_HSE_IsReady	4	static
../../../../Drivers/STM32L4xx_HAL_Driver/Inc/stm32l4xx_ll_rcc.h:2219:22:LL_RCC_HSI48_Enable	4	static
../../../../Drivers/STM32L4xx_HAL_Driver/Inc/stm32l4xx_ll_rcc.h:2239:26:LL_RCC_HSI48_IsReady	4	static
../../../../Drivers/STM32L4xx_HAL_Driver/Inc/stm32l4xx_ll_rcc.h:2740:22:LL_RCC_SetSysClkSource	16	static
../../../../Drivers/STM32L4xx_HAL_Driver/Inc/stm32l4xx_ll_rcc.h:2754:26:LL_RCC_GetSysClkSource	4	static
../../../../Drivers/STM32L4xx_HAL_Driver/Inc/stm32l4xx_ll_rcc.h:2774:22:LL_RCC_SetAHBPrescaler	16	static
../../../../Drivers/STM32L4xx_HAL_Driver/Inc/stm32l4xx_ll_rcc.h:2790:22:LL_RCC_SetAPB1Prescaler	16	static
../../../../Drivers/STM32L4xx_HAL_Driver/Inc/stm32l4xx_ll_rcc.h:2806:22:LL_RCC_SetAPB2Prescaler	16	static
../../../../Drivers/STM32L4xx_HAL_Driver/Inc/stm32l4xx_ll_rcc.h:3731:22:LL_RCC_PLL_Enable	4	static
../../../../Drivers/STM32L4xx_HAL_Driver/Inc/stm32l4xx_ll_rcc.h:3752:26:LL_RCC_PLL_IsReady	4	static
../../../../Drivers/STM32L4xx_HAL_Driver/Inc/stm32l4xx_ll_rcc.h:3798:22:LL_RCC_PLL_ConfigDomain_SYS	24	static
../../../../Drivers/STM32L4xx_HAL_Driver/Inc/stm32l4xx_ll_rcc.h:4197:22:LL_RCC_PLL_EnableDomain_SYS	4	static
../../../../Drivers/STM32L4xx_HAL_Driver/Inc/stm32l4xx_ll_system.h:1401:22:LL_FLASH_SetLatency	16	static
../../../../Drivers/STM32L4xx_HAL_Driver/Inc/stm32l4xx_ll_system.h:1429:26:LL_FLASH_GetLatency	4	static
../../../../Drivers/STM32L4xx_HAL_Driver/Inc/stm32l4xx_ll_pwr.h:343:22:LL_PWR_SetRegulVoltageScaling	16	static
../../../../Drivers/STM32L4xx_HAL_Driver/Inc/stm32l4xx_ll_pwr.h:1607:26:LL_PWR_IsActiveFlag_VOS	4	static
C:/Users/ASUS/Downloads/portunas_fw2(defult) (1)/portunas_fw2/Application/System/board/nucleo_l452re/board.c:53:5:board_init	16	static
C:/Users/ASUS/Downloads/portunas_fw2(defult) (1)/portunas_fw2/Application/System/board/nucleo_l452re/board.c:104:5:board_hardware_version	16	static
C:/Users/ASUS/Downloads/portunas_fw2(defult) (1)/portunas_fw2/Application/System/board/nucleo_l452re/board.c:118:5:board_serial_number_64bits	16	static
C:/Users/ASUS/Downloads/portunas_fw2(defult) (1)/portunas_fw2/Application/System/board/nucleo_l452re/board.c:142:6:board_system_clock_config	8	static
C:/Users/ASUS/Downloads/portunas_fw2(defult) (1)/portunas_fw2/Application/System/board/nucleo_l452re/board.c:219:6:board_error_handler	4	static,ignoring_inline_asm
