../../../../Drivers/STM32L4xx_HAL_Driver/Inc/stm32l4xx_ll_exti.h:1186:26:LL_EXTI_IsActiveFlag_0_31	16	static
../../../../Drivers/STM32L4xx_HAL_Driver/Inc/stm32l4xx_ll_exti.h:1298:22:LL_EXTI_ClearFlag_0_31	16	static
C:/Users/ASUS/Downloads/portunas_fw2(defult) (1)/portunas_fw2/Application/System/board/nucleo_l452re/stm32l4xx_it.c:70:6:NMI_Handler	4	static
C:/Users/ASUS/Downloads/portunas_fw2(defult) (1)/portunas_fw2/Application/System/board/nucleo_l452re/stm32l4xx_it.c:85:6:HardFault_Handler	4	static
C:/Users/ASUS/Downloads/portunas_fw2(defult) (1)/portunas_fw2/Application/System/board/nucleo_l452re/stm32l4xx_it.c:100:6:MemManage_Handler	4	static
C:/Users/ASUS/Downloads/portunas_fw2(defult) (1)/portunas_fw2/Application/System/board/nucleo_l452re/stm32l4xx_it.c:115:6:BusFault_Handler	4	static
C:/Users/ASUS/Downloads/portunas_fw2(defult) (1)/portunas_fw2/Application/System/board/nucleo_l452re/stm32l4xx_it.c:130:6:UsageFault_Handler	4	static
C:/Users/ASUS/Downloads/portunas_fw2(defult) (1)/portunas_fw2/Application/System/board/nucleo_l452re/stm32l4xx_it.c:145:6:SVC_Handler	4	static
C:/Users/ASUS/Downloads/portunas_fw2(defult) (1)/portunas_fw2/Application/System/board/nucleo_l452re/stm32l4xx_it.c:158:6:DebugMon_Handler	4	static
C:/Users/ASUS/Downloads/portunas_fw2(defult) (1)/portunas_fw2/Application/System/board/nucleo_l452re/stm32l4xx_it.c:171:6:PendSV_Handler	4	static
C:/Users/ASUS/Downloads/portunas_fw2(defult) (1)/portunas_fw2/Application/System/board/nucleo_l452re/stm32l4xx_it.c:184:6:SysTick_Handler	8	static
C:/Users/ASUS/Downloads/portunas_fw2(defult) (1)/portunas_fw2/Application/System/board/nucleo_l452re/stm32l4xx_it.c:202:6:EXTI0_IRQHandler	8	static
C:/Users/ASUS/Downloads/portunas_fw2(defult) (1)/portunas_fw2/Application/System/board/nucleo_l452re/stm32l4xx_it.c:211:6:EXTI1_IRQHandler	8	static
C:/Users/ASUS/Downloads/portunas_fw2(defult) (1)/portunas_fw2/Application/System/board/nucleo_l452re/stm32l4xx_it.c:220:6:EXTI2_IRQHandler	8	static
C:/Users/ASUS/Downloads/portunas_fw2(defult) (1)/portunas_fw2/Application/System/board/nucleo_l452re/stm32l4xx_it.c:229:6:EXTI3_IRQHandler	8	static
C:/Users/ASUS/Downloads/portunas_fw2(defult) (1)/portunas_fw2/Application/System/board/nucleo_l452re/stm32l4xx_it.c:238:6:EXTI4_IRQHandler	8	static
C:/Users/ASUS/Downloads/portunas_fw2(defult) (1)/portunas_fw2/Application/System/board/nucleo_l452re/stm32l4xx_it.c:250:6:EXTI9_5_IRQHandler	8	static
C:/Users/ASUS/Downloads/portunas_fw2(defult) (1)/portunas_fw2/Application/System/board/nucleo_l452re/stm32l4xx_it.c:282:6:EXTI15_10_IRQHandler	8	static
C:/Users/ASUS/Downloads/portunas_fw2(defult) (1)/portunas_fw2/Application/System/board/nucleo_l452re/stm32l4xx_it.c:319:6:USB_IRQHandler	8	static
C:/Users/ASUS/Downloads/portunas_fw2(defult) (1)/portunas_fw2/Application/System/board/nucleo_l452re/stm32l4xx_it.c:331:6:USART1_IRQHandler	8	static
C:/Users/ASUS/Downloads/portunas_fw2(defult) (1)/portunas_fw2/Application/System/board/nucleo_l452re/stm32l4xx_it.c:336:6:DMA1_Channel4_IRQHandler	8	static
C:/Users/ASUS/Downloads/portunas_fw2(defult) (1)/portunas_fw2/Application/System/board/nucleo_l452re/stm32l4xx_it.c:342:6:TIM3_IRQHandler	8	static
C:/Users/ASUS/Downloads/portunas_fw2(defult) (1)/portunas_fw2/Application/System/board/nucleo_l452re/stm32l4xx_it.c:348:6:TIM1_UP_TIM16_IRQHandler	8	static
