C:/Users/ASUS/Downloads/portunas_fw2(defult) (1)/portunas_fw2/Middlewares/SIC/lfreader/core/api.c:19:5:reader_api_init	4	static
C:/Users/ASUS/Downloads/portunas_fw2(defult) (1)/portunas_fw2/Middlewares/SIC/lfreader/core/api.c:24:11:new_reader	16	static
C:/Users/ASUS/Downloads/portunas_fw2(defult) (1)/portunas_fw2/Middlewares/SIC/lfreader/core/api.c:43:5:reader_release	16	static
C:/Users/ASUS/Downloads/portunas_fw2(defult) (1)/portunas_fw2/Middlewares/SIC/lfreader/core/api.c:61:5:reader_afedrv_bind	24	static
C:/Users/ASUS/Downloads/portunas_fw2(defult) (1)/portunas_fw2/Middlewares/SIC/lfreader/core/api.c:80:5:reader_afedrv_config	112	static
C:/Users/ASUS/Downloads/portunas_fw2(defult) (1)/portunas_fw2/Middlewares/SIC/lfreader/core/api.c:98:5:reader_profile_select	24	static
C:/Users/ASUS/Downloads/portunas_fw2(defult) (1)/portunas_fw2/Middlewares/SIC/lfreader/core/api.c:124:5:reader_set_ton_first	16	static
C:/Users/ASUS/Downloads/portunas_fw2(defult) (1)/portunas_fw2/Middlewares/SIC/lfreader/core/api.c:137:5:reader_set_power_burst_1	16	static
C:/Users/ASUS/Downloads/portunas_fw2(defult) (1)/portunas_fw2/Middlewares/SIC/lfreader/core/api.c:148:5:reader_set_power_burst_2	16	static
C:/Users/ASUS/Downloads/portunas_fw2(defult) (1)/portunas_fw2/Middlewares/SIC/lfreader/core/api.c:159:5:reader_set_read_time	16	static
C:/Users/ASUS/Downloads/portunas_fw2(defult) (1)/portunas_fw2/Middlewares/SIC/lfreader/core/api.c:170:5:reader_set_fsk_threshold	24	static
C:/Users/ASUS/Downloads/portunas_fw2(defult) (1)/portunas_fw2/Middlewares/SIC/lfreader/core/api.c:214:5:reader_get_fsk_threshold	16	static
C:/Users/ASUS/Downloads/portunas_fw2(defult) (1)/portunas_fw2/Middlewares/SIC/lfreader/core/api.c:238:5:reader_start	112	static
C:/Users/ASUS/Downloads/portunas_fw2(defult) (1)/portunas_fw2/Middlewares/SIC/lfreader/core/api.c:286:5:reader_operatre	168	static
C:/Users/ASUS/Downloads/portunas_fw2(defult) (1)/portunas_fw2/Middlewares/SIC/lfreader/core/api.c:347:5:reader_stop	112	static
C:/Users/ASUS/Downloads/portunas_fw2(defult) (1)/portunas_fw2/Middlewares/SIC/lfreader/core/api.c:398:12:reader_init_afedrv	16	static
