C:/Users/ASUS/Downloads/portunas_fw2(defult) (1)/portunas_fw2/Middlewares/SIC/lfreader/core/crc.c:15:9:crc8_base	32	static
C:/Users/ASUS/Downloads/portunas_fw2(defult) (1)/portunas_fw2/Middlewares/SIC/lfreader/core/crc.c:48:9:crc8CalculateMSB	48	static
C:/Users/ASUS/Downloads/portunas_fw2(defult) (1)/portunas_fw2/Middlewares/SIC/lfreader/core/crc.c:89:10:crc16_base	32	static
C:/Users/ASUS/Downloads/portunas_fw2(defult) (1)/portunas_fw2/Middlewares/SIC/lfreader/core/crc.c:117:10:crc16_tms37157	32	static
C:/Users/ASUS/Downloads/portunas_fw2(defult) (1)/portunas_fw2/Middlewares/SIC/lfreader/core/crc.c:127:10:crc16_tms37190	32	static
C:/Users/ASUS/Downloads/portunas_fw2(defult) (1)/portunas_fw2/Middlewares/SIC/lfreader/core/crc.c:133:10:crc16_sic73wr	32	static
C:/Users/ASUS/Downloads/portunas_fw2(defult) (1)/portunas_fw2/Middlewares/SIC/lfreader/core/crc.c:139:10:crc16_sic73f1_tms3789_tms37159	32	static
C:/Users/ASUS/Downloads/portunas_fw2(defult) (1)/portunas_fw2/Middlewares/SIC/lfreader/core/crc.c:145:10:crc16_tms37124	32	static
C:/Users/ASUS/Downloads/portunas_fw2(defult) (1)/portunas_fw2/Middlewares/SIC/lfreader/core/crc.c:151:10:crc16_kermit_tms37157	32	static
C:/Users/ASUS/Downloads/portunas_fw2(defult) (1)/portunas_fw2/Middlewares/SIC/lfreader/core/crc.c:157:10:crc16_kermit	32	static
C:/Users/ASUS/Downloads/portunas_fw2(defult) (1)/portunas_fw2/Middlewares/SIC/lfreader/core/crc.c:162:10:crc16_xmodem	32	static
