C:/Users/ASUS/Downloads/portunas_fw2(defult) (1)/portunas_fw2/Middlewares/SIC/lfreader/core/crc.c:16:9:crc8_base	32	static
C:/Users/ASUS/Downloads/portunas_fw2(defult) (1)/portunas_fw2/Middlewares/SIC/lfreader/core/crc.c:49:9:crc8Calculate	48	static
C:/Users/ASUS/Downloads/portunas_fw2(defult) (1)/portunas_fw2/Middlewares/SIC/lfreader/core/crc.c:90:10:crc16_base	32	static
C:/Users/ASUS/Downloads/portunas_fw2(defult) (1)/portunas_fw2/Middlewares/SIC/lfreader/core/crc.c:118:10:crc16_tms37157	32	static
C:/Users/ASUS/Downloads/portunas_fw2(defult) (1)/portunas_fw2/Middlewares/SIC/lfreader/core/crc.c:128:10:crc16_tms37190	32	static
C:/Users/ASUS/Downloads/portunas_fw2(defult) (1)/portunas_fw2/Middlewares/SIC/lfreader/core/crc.c:134:10:crc16_sic73wr	32	static
C:/Users/ASUS/Downloads/portunas_fw2(defult) (1)/portunas_fw2/Middlewares/SIC/lfreader/core/crc.c:140:10:crc16_sic73f1_tms3789_tms37159	32	static
C:/Users/ASUS/Downloads/portunas_fw2(defult) (1)/portunas_fw2/Middlewares/SIC/lfreader/core/crc.c:146:10:crc16_tms37124	32	static
C:/Users/ASUS/Downloads/portunas_fw2(defult) (1)/portunas_fw2/Middlewares/SIC/lfreader/core/crc.c:152:10:crc16_kermit_tms37157	32	static
C:/Users/ASUS/Downloads/portunas_fw2(defult) (1)/portunas_fw2/Middlewares/SIC/lfreader/core/crc.c:158:10:crc16_kermit	32	static
C:/Users/ASUS/Downloads/portunas_fw2(defult) (1)/portunas_fw2/Middlewares/SIC/lfreader/core/crc.c:163:10:crc16_xmodem	32	static
C:/Users/ASUS/Downloads/portunas_fw2(defult) (1)/portunas_fw2/Middlewares/SIC/lfreader/core/crc.c:168:5:calculate_data_crc	16	static
C:/Users/ASUS/Downloads/portunas_fw2(defult) (1)/portunas_fw2/Middlewares/SIC/lfreader/core/crc.c:173:5:calculate_frame_crc	16	static
C:/Users/ASUS/Downloads/portunas_fw2(defult) (1)/portunas_fw2/Middlewares/SIC/lfreader/core/crc.c:178:5:calculate_frame_crc_sic279	32	static
C:/Users/ASUS/Downloads/portunas_fw2(defult) (1)/portunas_fw2/Middlewares/SIC/lfreader/core/crc.c:184:5:calculate_data_crc_sic73wr	32	static
C:/Users/ASUS/Downloads/portunas_fw2(defult) (1)/portunas_fw2/Middlewares/SIC/lfreader/core/crc.c:192:5:calculate_frame_crc_sic73wr	32	static
