../../../../Drivers/CMSIS/Include/core_cm4.h:1667:26:__NVIC_GetPriorityGrouping	4	static
../../../../Drivers/CMSIS/Include/core_cm4.h:1679:22:__NVIC_EnableIRQ	16	static,ignoring_inline_asm
../../../../Drivers/CMSIS/Include/core_cm4.h:1809:22:__NVIC_SetPriority	16	static
../../../../Drivers/CMSIS/Include/core_cm4.h:1856:26:NVIC_EncodePriority	40	static
../../../../Drivers/STM32L4xx_HAL_Driver/Inc/stm32l4xx_ll_rcc.h:2950:22:LL_RCC_SetUSARTClockSource	16	static
../../../../Drivers/STM32L4xx_HAL_Driver/Inc/stm32l4xx_ll_bus.h:327:22:LL_AHB1_GRP1_EnableClock	24	static
../../../../Drivers/STM32L4xx_HAL_Driver/Inc/stm32l4xx_ll_bus.h:563:22:LL_AHB2_GRP1_EnableClock	24	static
../../../../Drivers/STM32L4xx_HAL_Driver/Inc/stm32l4xx_ll_bus.h:1673:22:LL_APB2_GRP1_EnableClock	24	static
../../../../Drivers/STM32L4xx_HAL_Driver/Inc/stm32l4xx_ll_bus.h:1800:22:LL_APB2_GRP1_ForceReset	16	static
../../../../Drivers/STM32L4xx_HAL_Driver/Inc/stm32l4xx_ll_bus.h:1841:22:LL_APB2_GRP1_ReleaseReset	16	static
../../../../Drivers/STM32L4xx_HAL_Driver/Inc/stm32l4xx_ll_dma.h:552:22:LL_DMA_EnableChannel	24	static
../../../../Drivers/STM32L4xx_HAL_Driver/Inc/stm32l4xx_ll_dma.h:572:22:LL_DMA_DisableChannel	24	static
../../../../Drivers/STM32L4xx_HAL_Driver/Inc/stm32l4xx_ll_dma.h:655:22:LL_DMA_SetDataTransferDirection	32	static
../../../../Drivers/STM32L4xx_HAL_Driver/Inc/stm32l4xx_ll_dma.h:706:22:LL_DMA_SetMode	32	static
../../../../Drivers/STM32L4xx_HAL_Driver/Inc/stm32l4xx_ll_dma.h:753:22:LL_DMA_SetPeriphIncMode	32	static
../../../../Drivers/STM32L4xx_HAL_Driver/Inc/stm32l4xx_ll_dma.h:800:22:LL_DMA_SetMemoryIncMode	32	static
../../../../Drivers/STM32L4xx_HAL_Driver/Inc/stm32l4xx_ll_dma.h:848:22:LL_DMA_SetPeriphSize	32	static
../../../../Drivers/STM32L4xx_HAL_Driver/Inc/stm32l4xx_ll_dma.h:897:22:LL_DMA_SetMemorySize	32	static
../../../../Drivers/STM32L4xx_HAL_Driver/Inc/stm32l4xx_ll_dma.h:947:22:LL_DMA_SetChannelPriorityLevel	32	static
../../../../Drivers/STM32L4xx_HAL_Driver/Inc/stm32l4xx_ll_dma.h:996:22:LL_DMA_SetDataLength	32	static
../../../../Drivers/STM32L4xx_HAL_Driver/Inc/stm32l4xx_ll_dma.h:1049:22:LL_DMA_ConfigAddresses	32	static
../../../../Drivers/STM32L4xx_HAL_Driver/Inc/stm32l4xx_ll_dma.h:1512:22:LL_DMA_SetPeriphRequest	40	static,ignoring_inline_asm
../../../../Drivers/STM32L4xx_HAL_Driver/Inc/stm32l4xx_ll_dma.h:1677:26:LL_DMA_IsActiveFlag_TC4	16	static
../../../../Drivers/STM32L4xx_HAL_Driver/Inc/stm32l4xx_ll_dma.h:1831:26:LL_DMA_IsActiveFlag_TE4	16	static
../../../../Drivers/STM32L4xx_HAL_Driver/Inc/stm32l4xx_ll_dma.h:2013:22:LL_DMA_ClearFlag_TC4	16	static
../../../../Drivers/STM32L4xx_HAL_Driver/Inc/stm32l4xx_ll_dma.h:2090:22:LL_DMA_ClearFlag_HT4	16	static
../../../../Drivers/STM32L4xx_HAL_Driver/Inc/stm32l4xx_ll_dma.h:2167:22:LL_DMA_ClearFlag_TE4	16	static
../../../../Drivers/STM32L4xx_HAL_Driver/Inc/stm32l4xx_ll_dma.h:2226:22:LL_DMA_EnableIT_TC	24	static
../../../../Drivers/STM32L4xx_HAL_Driver/Inc/stm32l4xx_ll_dma.h:2266:22:LL_DMA_EnableIT_TE	24	static
../../../../Drivers/STM32L4xx_HAL_Driver/Inc/stm32l4xx_ll_usart.h:687:22:LL_USART_Enable	16	static
../../../../Drivers/STM32L4xx_HAL_Driver/Inc/stm32l4xx_ll_usart.h:701:22:LL_USART_Disable	16	static
../../../../Drivers/STM32L4xx_HAL_Driver/Inc/stm32l4xx_ll_usart.h:712:26:LL_USART_IsEnabled	16	static
../../../../Drivers/STM32L4xx_HAL_Driver/Inc/stm32l4xx_ll_usart.h:1001:22:LL_USART_SetTransferDirection	40	static,ignoring_inline_asm
../../../../Drivers/STM32L4xx_HAL_Driver/Inc/stm32l4xx_ll_usart.h:1036:22:LL_USART_SetParity	16	static
../../../../Drivers/STM32L4xx_HAL_Driver/Inc/stm32l4xx_ll_usart.h:1094:22:LL_USART_SetDataWidth	16	static
../../../../Drivers/STM32L4xx_HAL_Driver/Inc/stm32l4xx_ll_usart.h:1156:22:LL_USART_SetOverSampling	16	static
../../../../Drivers/STM32L4xx_HAL_Driver/Inc/stm32l4xx_ll_usart.h:1399:22:LL_USART_SetStopBitsLength	16	static
../../../../Drivers/STM32L4xx_HAL_Driver/Inc/stm32l4xx_ll_usart.h:1824:22:LL_USART_SetHWFlowCtrl	16	static
../../../../Drivers/STM32L4xx_HAL_Driver/Inc/stm32l4xx_ll_usart.h:1982:22:LL_USART_SetBaudRate	32	static
../../../../Drivers/STM32L4xx_HAL_Driver/Inc/stm32l4xx_ll_usart.h:2804:22:LL_USART_ConfigAsyncMode	16	static
../../../../Drivers/STM32L4xx_HAL_Driver/Inc/stm32l4xx_ll_usart.h:3080:26:LL_USART_IsActiveFlag_FE	16	static
../../../../Drivers/STM32L4xx_HAL_Driver/Inc/stm32l4xx_ll_usart.h:3091:26:LL_USART_IsActiveFlag_NE	16	static
../../../../Drivers/STM32L4xx_HAL_Driver/Inc/stm32l4xx_ll_usart.h:3102:26:LL_USART_IsActiveFlag_ORE	16	static
../../../../Drivers/STM32L4xx_HAL_Driver/Inc/stm32l4xx_ll_usart.h:3142:26:LL_USART_IsActiveFlag_RXNE	16	static
../../../../Drivers/STM32L4xx_HAL_Driver/Inc/stm32l4xx_ll_usart.h:3154:26:LL_USART_IsActiveFlag_TC	16	static
../../../../Drivers/STM32L4xx_HAL_Driver/Inc/stm32l4xx_ll_usart.h:3183:26:LL_USART_IsActiveFlag_TXE	16	static
../../../../Drivers/STM32L4xx_HAL_Driver/Inc/stm32l4xx_ll_usart.h:3356:26:LL_USART_IsActiveFlag_TEACK	16	static
../../../../Drivers/STM32L4xx_HAL_Driver/Inc/stm32l4xx_ll_usart.h:3367:26:LL_USART_IsActiveFlag_REACK	16	static
../../../../Drivers/STM32L4xx_HAL_Driver/Inc/stm32l4xx_ll_usart.h:3459:22:LL_USART_ClearFlag_FE	16	static
../../../../Drivers/STM32L4xx_HAL_Driver/Inc/stm32l4xx_ll_usart.h:3470:22:LL_USART_ClearFlag_NE	16	static
../../../../Drivers/STM32L4xx_HAL_Driver/Inc/stm32l4xx_ll_usart.h:3481:22:LL_USART_ClearFlag_ORE	16	static
../../../../Drivers/STM32L4xx_HAL_Driver/Inc/stm32l4xx_ll_usart.h:3669:22:LL_USART_EnableIT_RXNE	40	static,ignoring_inline_asm
../../../../Drivers/STM32L4xx_HAL_Driver/Inc/stm32l4xx_ll_usart.h:3811:22:LL_USART_EnableIT_ERROR	40	static,ignoring_inline_asm
../../../../Drivers/STM32L4xx_HAL_Driver/Inc/stm32l4xx_ll_usart.h:4179:26:LL_USART_IsEnabledIT_RXNE	16	static
../../../../Drivers/STM32L4xx_HAL_Driver/Inc/stm32l4xx_ll_usart.h:4220:26:LL_USART_IsEnabledIT_TXE	16	static
../../../../Drivers/STM32L4xx_HAL_Driver/Inc/stm32l4xx_ll_usart.h:4443:22:LL_USART_EnableDMAReq_TX	40	static,ignoring_inline_asm
../../../../Drivers/STM32L4xx_HAL_Driver/Inc/stm32l4xx_ll_usart.h:4454:22:LL_USART_DisableDMAReq_TX	40	static,ignoring_inline_asm
../../../../Drivers/STM32L4xx_HAL_Driver/Inc/stm32l4xx_ll_usart.h:4513:26:LL_USART_DMA_GetRegAddr	24	static
../../../../Drivers/STM32L4xx_HAL_Driver/Inc/stm32l4xx_ll_usart.h:4545:25:LL_USART_ReceiveData8	16	static
../../../../Drivers/STM32L4xx_HAL_Driver/Inc/stm32l4xx_ll_gpio.h:285:22:LL_GPIO_SetPinMode	48	static,ignoring_inline_asm
../../../../Drivers/STM32L4xx_HAL_Driver/Inc/stm32l4xx_ll_gpio.h:354:22:LL_GPIO_SetPinOutputType	24	static
../../../../Drivers/STM32L4xx_HAL_Driver/Inc/stm32l4xx_ll_gpio.h:425:22:LL_GPIO_SetPinSpeed	48	static,ignoring_inline_asm
../../../../Drivers/STM32L4xx_HAL_Driver/Inc/stm32l4xx_ll_gpio.h:496:22:LL_GPIO_SetPinPull	48	static,ignoring_inline_asm
../../../../Drivers/STM32L4xx_HAL_Driver/Inc/stm32l4xx_ll_gpio.h:645:22:LL_GPIO_SetAFPin_8_15	48	static,ignoring_inline_asm
C:/Users/ASUS/Downloads/portunas_fw2(defult) (1)/portunas_fw2/Application/MaxArch/mrd2_sppp_uart.c:20:6:sppp_uart_init	8	static
C:/Users/ASUS/Downloads/portunas_fw2(defult) (1)/portunas_fw2/Application/MaxArch/mrd2_sppp_uart.c:136:6:sppp_uart_baudrate_switch	16	static
C:/Users/ASUS/Downloads/portunas_fw2(defult) (1)/portunas_fw2/Application/MaxArch/mrd2_sppp_uart.c:186:5:sppp_uart_baudrate_config	16	static
C:/Users/ASUS/Downloads/portunas_fw2(defult) (1)/portunas_fw2/Application/MaxArch/mrd2_sppp_uart.c:199:13:sppp_mrd2_uart_start_transmit	32	static
C:/Users/ASUS/Downloads/portunas_fw2(defult) (1)/portunas_fw2/Application/MaxArch/mrd2_sppp_uart.c:214:6:sppp_mrd2_uart_irqhandler	16	static
C:/Users/ASUS/Downloads/portunas_fw2(defult) (1)/portunas_fw2/Application/MaxArch/mrd2_sppp_uart.c:245:6:sppp_mrd2_uart_txdma_irqhandler	16	static
C:/Users/ASUS/Downloads/portunas_fw2(defult) (1)/portunas_fw2/Application/MaxArch/mrd2_sppp_uart.c:275:6:sppp_mrd2_uart_if_link_input	288	static
C:/Users/ASUS/Downloads/portunas_fw2(defult) (1)/portunas_fw2/Application/MaxArch/mrd2_sppp_uart.c:325:12:sppp_mrd2_uart_if_link_output	24	static
C:/Users/ASUS/Downloads/portunas_fw2(defult) (1)/portunas_fw2/Application/MaxArch/mrd2_sppp_uart.c:362:5:sppp_mrd2_uart_if_init	16	static
