C:/Users/ASUS/Downloads/portunas_fw2(defult) (1)/portunas_fw2/Middlewares/SIC/max/core/mrd2.c:28:9:mrd2_new	16	static
C:/Users/ASUS/Downloads/portunas_fw2(defult) (1)/portunas_fw2/Middlewares/SIC/max/core/mrd2.c:55:5:mrd2_listen	40	static,ignoring_inline_asm
C:/Users/ASUS/Downloads/portunas_fw2(defult) (1)/portunas_fw2/Middlewares/SIC/max/core/mrd2.c:124:5:mrd2_recv	16	static
C:/Users/ASUS/Downloads/portunas_fw2(defult) (1)/portunas_fw2/Middlewares/SIC/max/core/mrd2.c:144:5:mrd2_close	16	static
C:/Users/ASUS/Downloads/portunas_fw2(defult) (1)/portunas_fw2/Middlewares/SIC/max/core/mrd2.c:161:5:mrd2_init_frame	24	static
C:/Users/ASUS/Downloads/portunas_fw2(defult) (1)/portunas_fw2/Middlewares/SIC/max/core/mrd2.c:180:15:mrd2_new_frame	24	static
C:/Users/ASUS/Downloads/portunas_fw2(defult) (1)/portunas_fw2/Middlewares/SIC/max/core/mrd2.c:199:15:mrd2_duplicate_frame	24	static
C:/Users/ASUS/Downloads/portunas_fw2(defult) (1)/portunas_fw2/Middlewares/SIC/max/core/mrd2.c:210:6:mrd2_delete_frame	16	static
C:/Users/ASUS/Downloads/portunas_fw2(defult) (1)/portunas_fw2/Middlewares/SIC/max/core/mrd2.c:218:5:mrd2_set_frame_ifname	16	static
C:/Users/ASUS/Downloads/portunas_fw2(defult) (1)/portunas_fw2/Middlewares/SIC/max/core/mrd2.c:231:5:mrd2_copy_frame_ifname	16	static
C:/Users/ASUS/Downloads/portunas_fw2(defult) (1)/portunas_fw2/Middlewares/SIC/max/core/mrd2.c:237:6:mrd2_push_frame	48	static,ignoring_inline_asm
C:/Users/ASUS/Downloads/portunas_fw2(defult) (1)/portunas_fw2/Middlewares/SIC/max/core/mrd2.c:325:15:mrd2_frame_type_size	24	static
