C:/Users/ASUS/Downloads/portunas_fw2(defult)/portunas_fw2/Middlewares/SIC/max/core/pkbuf.c:34:10:pkBuf_alloc	24	static
C:/Users/ASUS/Downloads/portunas_fw2(defult)/portunas_fw2/Middlewares/SIC/max/core/pkbuf.c:62:10:pkBuf_allocStatic	24	static
C:/Users/ASUS/Downloads/portunas_fw2(defult)/portunas_fw2/Middlewares/SIC/max/core/pkbuf.c:89:10:pkBuf_allocWithTruncate	32	static
C:/Users/ASUS/Downloads/portunas_fw2(defult)/portunas_fw2/Middlewares/SIC/max/core/pkbuf.c:136:10:pkBuf_allocStaticWithTruncate	32	static
C:/Users/ASUS/Downloads/portunas_fw2(defult)/portunas_fw2/Middlewares/SIC/max/core/pkbuf.c:189:10:pkBuf_initWithTruncate	32	static
C:/Users/ASUS/Downloads/portunas_fw2(defult)/portunas_fw2/Middlewares/SIC/max/core/pkbuf.c:232:5:pkBuf_free	24	static
C:/Users/ASUS/Downloads/portunas_fw2(defult)/portunas_fw2/Middlewares/SIC/max/core/pkbuf.c:273:5:pkBuf_init	24	static
C:/Users/ASUS/Downloads/portunas_fw2(defult)/portunas_fw2/Middlewares/SIC/max/core/pkbuf.c:299:5:pkBuf_truncate	48	static
C:/Users/ASUS/Downloads/portunas_fw2(defult)/portunas_fw2/Middlewares/SIC/max/core/pkbuf.c:396:5:pkBuf_expand	40	static
C:/Users/ASUS/Downloads/portunas_fw2(defult)/portunas_fw2/Middlewares/SIC/max/core/pkbuf.c:486:5:pkBuf_join	24	static
C:/Users/ASUS/Downloads/portunas_fw2(defult)/portunas_fw2/Middlewares/SIC/max/core/pkbuf.c:521:5:pkBuf_set_complete	16	static
C:/Users/ASUS/Downloads/portunas_fw2(defult)/portunas_fw2/Middlewares/SIC/max/core/pkbuf.c:532:5:pkBuf_clear_complete	16	static
C:/Users/ASUS/Downloads/portunas_fw2(defult)/portunas_fw2/Middlewares/SIC/max/core/pkbuf.c:544:5:pkBuf_is_complete	16	static
C:/Users/ASUS/Downloads/portunas_fw2(defult)/portunas_fw2/Middlewares/SIC/max/core/pkbuf.c:554:5:pkBuf_no_calchecksum	16	static
C:/Users/ASUS/Downloads/portunas_fw2(defult)/portunas_fw2/Middlewares/SIC/max/core/pkbuf.c:565:5:pkBuf_clear_no_calchecksum	16	static
C:/Users/ASUS/Downloads/portunas_fw2(defult)/portunas_fw2/Middlewares/SIC/max/core/pkbuf.c:577:5:pkBuf_is_no_calchecksum	16	static
C:/Users/ASUS/Downloads/portunas_fw2(defult)/portunas_fw2/Middlewares/SIC/max/core/pkbuf.c:587:13:pkStreamInitialize	16	static
C:/Users/ASUS/Downloads/portunas_fw2(defult)/portunas_fw2/Middlewares/SIC/max/core/pkbuf.c:613:5:pkBuf_stream	16	static
C:/Users/ASUS/Downloads/portunas_fw2(defult)/portunas_fw2/Middlewares/SIC/max/core/pkbuf.c:638:12:pkBuf_streamReadWrite	48	static
C:/Users/ASUS/Downloads/portunas_fw2(defult)/portunas_fw2/Middlewares/SIC/max/core/pkbuf.c:731:5:pkBuf_read	24	static
C:/Users/ASUS/Downloads/portunas_fw2(defult)/portunas_fw2/Middlewares/SIC/max/core/pkbuf.c:745:5:pkBuf_write	24	static
C:/Users/ASUS/Downloads/portunas_fw2(defult)/portunas_fw2/Middlewares/SIC/max/core/pkbuf.c:758:12:pkBuf_seekSet	32	static
C:/Users/ASUS/Downloads/portunas_fw2(defult)/portunas_fw2/Middlewares/SIC/max/core/pkbuf.c:808:5:pkBuf_seek	24	static
C:/Users/ASUS/Downloads/portunas_fw2(defult)/portunas_fw2/Middlewares/SIC/max/core/pkbuf.c:834:10:pkBuf_CRC16CCITT_calculate	32	static
