../../../../Drivers/STM32L4xx_HAL_Driver/Inc/stm32l4xx_ll_bus.h:563:22:LL_AHB2_GRP1_EnableClock	24	static
../../../../Drivers/STM32L4xx_HAL_Driver/Inc/stm32l4xx_ll_bus.h:1087:22:LL_APB1_GRP1_EnableClock	24	static
../../../../Drivers/STM32L4xx_HAL_Driver/Inc/stm32l4xx_ll_gpio.h:285:22:LL_GPIO_SetPinMode	48	static,ignoring_inline_asm
../../../../Drivers/STM32L4xx_HAL_Driver/Inc/stm32l4xx_ll_gpio.h:354:22:LL_GPIO_SetPinOutputType	24	static
../../../../Drivers/STM32L4xx_HAL_Driver/Inc/stm32l4xx_ll_gpio.h:425:22:LL_GPIO_SetPinSpeed	48	static,ignoring_inline_asm
../../../../Drivers/STM32L4xx_HAL_Driver/Inc/stm32l4xx_ll_gpio.h:496:22:LL_GPIO_SetPinPull	48	static,ignoring_inline_asm
../../../../Drivers/STM32L4xx_HAL_Driver/Inc/stm32l4xx_ll_gpio.h:568:22:LL_GPIO_SetAFPin_0_7	48	static,ignoring_inline_asm
../../../../Drivers/STM32L4xx_HAL_Driver/Inc/stm32l4xx_ll_tim.h:1486:22:LL_TIM_EnableCounter	16	static
../../../../Drivers/STM32L4xx_HAL_Driver/Inc/stm32l4xx_ll_tim.h:1497:22:LL_TIM_DisableCounter	16	static
../../../../Drivers/STM32L4xx_HAL_Driver/Inc/stm32l4xx_ll_tim.h:1626:22:LL_TIM_SetCounterMode	16	static
../../../../Drivers/STM32L4xx_HAL_Driver/Inc/stm32l4xx_ll_tim.h:1677:22:LL_TIM_DisableARRPreload	16	static
../../../../Drivers/STM32L4xx_HAL_Driver/Inc/stm32l4xx_ll_tim.h:1707:22:LL_TIM_SetClockDivision	16	static
../../../../Drivers/STM32L4xx_HAL_Driver/Inc/stm32l4xx_ll_tim.h:1739:22:LL_TIM_SetCounter	16	static
../../../../Drivers/STM32L4xx_HAL_Driver/Inc/stm32l4xx_ll_tim.h:1752:26:LL_TIM_GetCounter	16	static
../../../../Drivers/STM32L4xx_HAL_Driver/Inc/stm32l4xx_ll_tim.h:1781:22:LL_TIM_SetPrescaler	16	static
../../../../Drivers/STM32L4xx_HAL_Driver/Inc/stm32l4xx_ll_tim.h:1808:22:LL_TIM_SetAutoReload	16	static
../../../../Drivers/STM32L4xx_HAL_Driver/Inc/stm32l4xx_ll_tim.h:3217:22:LL_TIM_DisableExternalClock	16	static
../../../../Drivers/STM32L4xx_HAL_Driver/Inc/stm32l4xx_ll_tim.h:3254:22:LL_TIM_SetClockSource	16	static
../../../../Drivers/STM32L4xx_HAL_Driver/Inc/stm32l4xx_ll_tim.h:3300:22:LL_TIM_SetTriggerOutput	16	static
../../../../Drivers/STM32L4xx_HAL_Driver/Inc/stm32l4xx_ll_tim.h:3397:22:LL_TIM_DisableMasterSlaveMode	16	static
../../../../Drivers/STM32L4xx_HAL_Driver/Inc/stm32l4xx_ll_tim.h:3450:22:LL_TIM_ConfigETR	24	static
../../../../Drivers/STM32L4xx_HAL_Driver/Inc/stm32l4xx_ll_tim.h:4065:22:LL_TIM_SetOCRefClearInputSource	16	static
../../../../Drivers/STM32L4xx_HAL_Driver/Inc/stm32l4xx_ll_tim.h:4082:22:LL_TIM_ClearFlag_UPDATE	16	static
../../../../Drivers/STM32L4xx_HAL_Driver/Inc/stm32l4xx_ll_tim.h:4954:22:LL_TIM_GenerateEvent_UPDATE	16	static
C:/Users/ASUS/Downloads/portunas_fw2(defult)/portunas_fw2/Middlewares/SIC/lfreader/driver/portunas/clkref_phy.c:12:5:clkref_start	16	static
C:/Users/ASUS/Downloads/portunas_fw2(defult)/portunas_fw2/Middlewares/SIC/lfreader/driver/portunas/clkref_phy.c:29:5:clkref_stop	16	static
C:/Users/ASUS/Downloads/portunas_fw2(defult)/portunas_fw2/Middlewares/SIC/lfreader/driver/portunas/clkref_phy.c:46:5:clkref_config	16	static
C:/Users/ASUS/Downloads/portunas_fw2(defult)/portunas_fw2/Middlewares/SIC/lfreader/driver/portunas/clkref_phy.c:64:23:clkref_time_tick	0	static
C:/Users/ASUS/Downloads/portunas_fw2(defult)/portunas_fw2/Middlewares/SIC/lfreader/driver/portunas/clkref_phy.c:69:6:clkref_delay_tick	16	static
C:/Users/ASUS/Downloads/portunas_fw2(defult)/portunas_fw2/Middlewares/SIC/lfreader/driver/portunas/clkref_phy.c:74:10:clkref_delay_tick_until	32	static
C:/Users/ASUS/Downloads/portunas_fw2(defult)/portunas_fw2/Middlewares/SIC/lfreader/driver/portunas/clkref_phy.c:85:23:clkref_time_us	16	static
C:/Users/ASUS/Downloads/portunas_fw2(defult)/portunas_fw2/Middlewares/SIC/lfreader/driver/portunas/clkref_phy.c:93:6:clkref_delay_us	24	static
C:/Users/ASUS/Downloads/portunas_fw2(defult)/portunas_fw2/Middlewares/SIC/lfreader/driver/portunas/clkref_phy.c:105:10:clkref_delay_us_until	40	static
C:/Users/ASUS/Downloads/portunas_fw2(defult)/portunas_fw2/Middlewares/SIC/lfreader/driver/portunas/clkref_phy.c:127:5:clkref_init	16	static
