../../../../Drivers/CMSIS/Include/core_cm4.h:1679:22:__NVIC_EnableIRQ	16	static,ignoring_inline_asm
../../../../Drivers/CMSIS/Include/core_cm4.h:1809:22:__NVIC_SetPriority	16	static
../../../../Drivers/STM32L4xx_HAL_Driver/Inc/stm32l4xx_ll_bus.h:563:22:LL_AHB2_GRP1_EnableClock	24	static
../../../../Drivers/STM32L4xx_HAL_Driver/Inc/stm32l4xx_ll_bus.h:1087:22:LL_APB1_GRP1_EnableClock	24	static
../../../../Drivers/STM32L4xx_HAL_Driver/Inc/stm32l4xx_ll_gpio.h:285:22:LL_GPIO_SetPinMode	48	static,ignoring_inline_asm
../../../../Drivers/STM32L4xx_HAL_Driver/Inc/stm32l4xx_ll_gpio.h:354:22:LL_GPIO_SetPinOutputType	24	static
../../../../Drivers/STM32L4xx_HAL_Driver/Inc/stm32l4xx_ll_gpio.h:425:22:LL_GPIO_SetPinSpeed	48	static,ignoring_inline_asm
../../../../Drivers/STM32L4xx_HAL_Driver/Inc/stm32l4xx_ll_gpio.h:496:22:LL_GPIO_SetPinPull	48	static,ignoring_inline_asm
../../../../Drivers/STM32L4xx_HAL_Driver/Inc/stm32l4xx_ll_gpio.h:568:22:LL_GPIO_SetAFPin_0_7	48	static,ignoring_inline_asm
../../../../Drivers/STM32L4xx_HAL_Driver/Inc/stm32l4xx_ll_tim.h:1486:22:LL_TIM_EnableCounter	16	static
../../../../Drivers/STM32L4xx_HAL_Driver/Inc/stm32l4xx_ll_tim.h:1497:22:LL_TIM_DisableCounter	16	static
../../../../Drivers/STM32L4xx_HAL_Driver/Inc/stm32l4xx_ll_tim.h:1626:22:LL_TIM_SetCounterMode	16	static
../../../../Drivers/STM32L4xx_HAL_Driver/Inc/stm32l4xx_ll_tim.h:1677:22:LL_TIM_DisableARRPreload	16	static
../../../../Drivers/STM32L4xx_HAL_Driver/Inc/stm32l4xx_ll_tim.h:1739:22:LL_TIM_SetCounter	16	static
../../../../Drivers/STM32L4xx_HAL_Driver/Inc/stm32l4xx_ll_tim.h:1781:22:LL_TIM_SetPrescaler	16	static
../../../../Drivers/STM32L4xx_HAL_Driver/Inc/stm32l4xx_ll_tim.h:1808:22:LL_TIM_SetAutoReload	16	static
../../../../Drivers/STM32L4xx_HAL_Driver/Inc/stm32l4xx_ll_tim.h:1836:22:LL_TIM_SetRepetitionCounter	16	static
../../../../Drivers/STM32L4xx_HAL_Driver/Inc/stm32l4xx_ll_tim.h:2010:22:LL_TIM_CC_EnableChannel	16	static
../../../../Drivers/STM32L4xx_HAL_Driver/Inc/stm32l4xx_ll_tim.h:2039:22:LL_TIM_CC_DisableChannel	16	static
../../../../Drivers/STM32L4xx_HAL_Driver/Inc/stm32l4xx_ll_tim.h:2871:22:LL_TIM_IC_SetActiveInput	32	static
../../../../Drivers/STM32L4xx_HAL_Driver/Inc/stm32l4xx_ll_tim.h:2921:22:LL_TIM_IC_SetPrescaler	32	static
../../../../Drivers/STM32L4xx_HAL_Driver/Inc/stm32l4xx_ll_tim.h:2984:22:LL_TIM_IC_SetFilter	32	static
../../../../Drivers/STM32L4xx_HAL_Driver/Inc/stm32l4xx_ll_tim.h:3050:22:LL_TIM_IC_SetPolarity	32	static
../../../../Drivers/STM32L4xx_HAL_Driver/Inc/stm32l4xx_ll_tim.h:3151:26:LL_TIM_IC_GetCaptureCH2	16	static
../../../../Drivers/STM32L4xx_HAL_Driver/Inc/stm32l4xx_ll_tim.h:3254:22:LL_TIM_SetClockSource	16	static
../../../../Drivers/STM32L4xx_HAL_Driver/Inc/stm32l4xx_ll_tim.h:3300:22:LL_TIM_SetTriggerOutput	16	static
../../../../Drivers/STM32L4xx_HAL_Driver/Inc/stm32l4xx_ll_tim.h:3330:22:LL_TIM_SetTriggerOutput2	16	static
../../../../Drivers/STM32L4xx_HAL_Driver/Inc/stm32l4xx_ll_tim.h:3397:22:LL_TIM_DisableMasterSlaveMode	16	static
../../../../Drivers/STM32L4xx_HAL_Driver/Inc/stm32l4xx_ll_tim.h:4082:22:LL_TIM_ClearFlag_UPDATE	16	static
../../../../Drivers/STM32L4xx_HAL_Driver/Inc/stm32l4xx_ll_tim.h:4126:22:LL_TIM_ClearFlag_CC2	16	static
../../../../Drivers/STM32L4xx_HAL_Driver/Inc/stm32l4xx_ll_tim.h:4137:26:LL_TIM_IsActiveFlag_CC2	16	static
../../../../Drivers/STM32L4xx_HAL_Driver/Inc/stm32l4xx_ll_tim.h:4456:22:LL_TIM_DisableIT_UPDATE	16	static
../../../../Drivers/STM32L4xx_HAL_Driver/Inc/stm32l4xx_ll_tim.h:4511:22:LL_TIM_EnableIT_CC2	16	static
../../../../Drivers/STM32L4xx_HAL_Driver/Inc/stm32l4xx_ll_tim.h:4522:22:LL_TIM_DisableIT_CC2	16	static
../../../../Drivers/STM32L4xx_HAL_Driver/Inc/stm32l4xx_ll_tim.h:4954:22:LL_TIM_GenerateEvent_UPDATE	16	static
C:/Users/ASUS/Downloads/portunas_fw2(defult) (1)/portunas_fw2/Middlewares/SIC/lfreader/driver/portunas/hdx_in_phy.c:99:5:hdx_in_init	16	static
C:/Users/ASUS/Downloads/portunas_fw2(defult) (1)/portunas_fw2/Middlewares/SIC/lfreader/driver/portunas/hdx_in_phy.c:157:5:hdx_in_start	24	static
C:/Users/ASUS/Downloads/portunas_fw2(defult) (1)/portunas_fw2/Middlewares/SIC/lfreader/driver/portunas/hdx_in_phy.c:264:5:hdx_in_stop	24	static
C:/Users/ASUS/Downloads/portunas_fw2(defult) (1)/portunas_fw2/Middlewares/SIC/lfreader/driver/portunas/hdx_in_phy.c:332:6:hdx_in_cleanup	16	static
C:/Users/ASUS/Downloads/portunas_fw2(defult) (1)/portunas_fw2/Middlewares/SIC/lfreader/driver/portunas/hdx_in_phy.c:340:13:hdx_in_silence_timeout_callback	32	static,ignoring_inline_asm
C:/Users/ASUS/Downloads/portunas_fw2(defult) (1)/portunas_fw2/Middlewares/SIC/lfreader/driver/portunas/hdx_in_phy.c:362:32:hdx_in_collect_data_bit	24	static
C:/Users/ASUS/Downloads/portunas_fw2(defult) (1)/portunas_fw2/Middlewares/SIC/lfreader/driver/portunas/hdx_in_phy.c:387:19:portunas_hdx_in_irqhandler	40	static
