../../../../Drivers/CMSIS/Include/core_cm4.h:1679:22:__NVIC_EnableIRQ	16	static,ignoring_inline_asm
../../../../Drivers/CMSIS/Include/core_cm4.h:1809:22:__NVIC_SetPriority	16	static
../../../../Drivers/STM32L4xx_HAL_Driver/Inc/stm32l4xx_ll_bus.h:1673:22:LL_APB2_GRP1_EnableClock	24	static
../../../../Drivers/STM32L4xx_HAL_Driver/Inc/stm32l4xx_ll_tim.h:1486:22:LL_TIM_EnableCounter	16	static
../../../../Drivers/STM32L4xx_HAL_Driver/Inc/stm32l4xx_ll_tim.h:1497:22:LL_TIM_DisableCounter	16	static
../../../../Drivers/STM32L4xx_HAL_Driver/Inc/stm32l4xx_ll_tim.h:1626:22:LL_TIM_SetCounterMode	16	static
../../../../Drivers/STM32L4xx_HAL_Driver/Inc/stm32l4xx_ll_tim.h:1677:22:LL_TIM_DisableARRPreload	16	static
../../../../Drivers/STM32L4xx_HAL_Driver/Inc/stm32l4xx_ll_tim.h:1739:22:LL_TIM_SetCounter	16	static
../../../../Drivers/STM32L4xx_HAL_Driver/Inc/stm32l4xx_ll_tim.h:1781:22:LL_TIM_SetPrescaler	16	static
../../../../Drivers/STM32L4xx_HAL_Driver/Inc/stm32l4xx_ll_tim.h:1808:22:LL_TIM_SetAutoReload	16	static
../../../../Drivers/STM32L4xx_HAL_Driver/Inc/stm32l4xx_ll_tim.h:1836:22:LL_TIM_SetRepetitionCounter	16	static
../../../../Drivers/STM32L4xx_HAL_Driver/Inc/stm32l4xx_ll_tim.h:3254:22:LL_TIM_SetClockSource	16	static
../../../../Drivers/STM32L4xx_HAL_Driver/Inc/stm32l4xx_ll_tim.h:3300:22:LL_TIM_SetTriggerOutput	16	static
../../../../Drivers/STM32L4xx_HAL_Driver/Inc/stm32l4xx_ll_tim.h:3330:22:LL_TIM_SetTriggerOutput2	16	static
../../../../Drivers/STM32L4xx_HAL_Driver/Inc/stm32l4xx_ll_tim.h:3397:22:LL_TIM_DisableMasterSlaveMode	16	static
../../../../Drivers/STM32L4xx_HAL_Driver/Inc/stm32l4xx_ll_tim.h:4082:22:LL_TIM_ClearFlag_UPDATE	16	static
../../../../Drivers/STM32L4xx_HAL_Driver/Inc/stm32l4xx_ll_tim.h:4093:26:LL_TIM_IsActiveFlag_UPDATE	16	static
../../../../Drivers/STM32L4xx_HAL_Driver/Inc/stm32l4xx_ll_tim.h:4445:22:LL_TIM_EnableIT_UPDATE	16	static
../../../../Drivers/STM32L4xx_HAL_Driver/Inc/stm32l4xx_ll_tim.h:4456:22:LL_TIM_DisableIT_UPDATE	16	static
../../../../Drivers/STM32L4xx_HAL_Driver/Inc/stm32l4xx_ll_tim.h:4954:22:LL_TIM_GenerateEvent_UPDATE	16	static
C:/Users/ASUS/Downloads/portunas_fw2(defult) (1)/portunas_fw2/Middlewares/SIC/lfreader/driver/portunas/timeout.c:17:5:timeout_init	8	static
C:/Users/ASUS/Downloads/portunas_fw2(defult) (1)/portunas_fw2/Middlewares/SIC/lfreader/driver/portunas/timeout.c:57:5:timeout_start	24	static,ignoring_inline_asm
C:/Users/ASUS/Downloads/portunas_fw2(defult) (1)/portunas_fw2/Middlewares/SIC/lfreader/driver/portunas/timeout.c:101:5:timeout_stop	16	static
C:/Users/ASUS/Downloads/portunas_fw2(defult) (1)/portunas_fw2/Middlewares/SIC/lfreader/driver/portunas/timeout.c:118:18:timeout_reset	8	static
C:/Users/ASUS/Downloads/portunas_fw2(defult) (1)/portunas_fw2/Middlewares/SIC/lfreader/driver/portunas/timeout.c:152:6:portunas_timeout_irqhandler	8	static
