C:/Users/ASUS/Downloads/portunas_fw2(defult) (1)/portunas_fw2/Middlewares/SIC/max/net/sppp.c:40:5:sppp_init	16	static
C:/Users/ASUS/Downloads/portunas_fw2(defult) (1)/portunas_fw2/Middlewares/SIC/max/net/sppp.c:61:5:sppp_getHeaderSize	16	static
C:/Users/ASUS/Downloads/portunas_fw2(defult) (1)/portunas_fw2/Middlewares/SIC/max/net/sppp.c:78:5:sppp_getFooterSize	24	static
C:/Users/ASUS/Downloads/portunas_fw2(defult) (1)/portunas_fw2/Middlewares/SIC/max/net/sppp.c:101:10:sppp_getErrorFlags	24	static
C:/Users/ASUS/Downloads/portunas_fw2(defult) (1)/portunas_fw2/Middlewares/SIC/max/net/sppp.c:113:6:sppp_clearErrorFlags	24	static
C:/Users/ASUS/Downloads/portunas_fw2(defult) (1)/portunas_fw2/Middlewares/SIC/max/net/sppp.c:124:6:sppp_flushInput	16	static
C:/Users/ASUS/Downloads/portunas_fw2(defult) (1)/portunas_fw2/Middlewares/SIC/max/net/sppp.c:136:10:sppp_linkInput	32	static
C:/Users/ASUS/Downloads/portunas_fw2(defult) (1)/portunas_fw2/Middlewares/SIC/max/net/sppp.c:313:5:sppp_getInputState	24	static
C:/Users/ASUS/Downloads/portunas_fw2(defult) (1)/portunas_fw2/Middlewares/SIC/max/net/sppp.c:334:5:sppp_output	48	static
C:/Users/ASUS/Downloads/portunas_fw2(defult) (1)/portunas_fw2/Middlewares/SIC/max/net/sppp.c:444:13:sppp_resetInputState	16	static
C:/Users/ASUS/Downloads/portunas_fw2(defult) (1)/portunas_fw2/Middlewares/SIC/max/net/sppp.c:455:17:sppp_packetDelivery	24	static
C:/Users/ASUS/Downloads/portunas_fw2(defult) (1)/portunas_fw2/Middlewares/SIC/max/net/sppp.c:473:13:sppp_errorDetectionStart	16	static
C:/Users/ASUS/Downloads/portunas_fw2(defult) (1)/portunas_fw2/Middlewares/SIC/max/net/sppp.c:500:13:sppp_errorDetectionStop	16	static
C:/Users/ASUS/Downloads/portunas_fw2(defult) (1)/portunas_fw2/Middlewares/SIC/max/net/sppp.c:511:13:sppp_errorDetectionProcess	16	static
C:/Users/ASUS/Downloads/portunas_fw2(defult) (1)/portunas_fw2/Middlewares/SIC/max/net/sppp.c:537:13:sppp_errorDetectionReceive	16	static
C:/Users/ASUS/Downloads/portunas_fw2(defult) (1)/portunas_fw2/Middlewares/SIC/max/net/sppp.c:561:12:sppp_errorDetectionResult	24	static
C:/Users/ASUS/Downloads/portunas_fw2(defult) (1)/portunas_fw2/Middlewares/SIC/max/net/sppp.c:596:12:sppp_errorDetectionCalculate	40	static
C:/Users/ASUS/Downloads/portunas_fw2(defult) (1)/portunas_fw2/Middlewares/SIC/max/net/sppp.c:671:16:bcc_calculate	16	static
C:/Users/ASUS/Downloads/portunas_fw2(defult) (1)/portunas_fw2/Middlewares/SIC/max/net/sppp.c:685:6:sppp_get_input_buffer	24	static
