C:/Users/ASUS/Downloads/portunas_fw2(defult) (1)/portunas_fw2/Middlewares/SIC/lfreader/driver/portunas.c:29:12:portunas_afe_open	24	static
C:/Users/ASUS/Downloads/portunas_fw2(defult) (1)/portunas_fw2/Middlewares/SIC/lfreader/driver/portunas.c:79:12:portunas_afe_config	32	static
C:/Users/ASUS/Downloads/portunas_fw2(defult) (1)/portunas_fw2/Middlewares/SIC/lfreader/driver/portunas.c:261:12:portunas_afe_switch_rf	24	static
C:/Users/ASUS/Downloads/portunas_fw2(defult) (1)/portunas_fw2/Middlewares/SIC/lfreader/driver/portunas.c:290:5:portunas_afe_send	40	static
C:/Users/ASUS/Downloads/portunas_fw2(defult) (1)/portunas_fw2/Middlewares/SIC/lfreader/driver/portunas.c:341:12:portunas_afe_recv	32	static
C:/Users/ASUS/Downloads/portunas_fw2(defult) (1)/portunas_fw2/Middlewares/SIC/lfreader/driver/portunas.c:408:12:portunas_afe_release	24	static
C:/Users/ASUS/Downloads/portunas_fw2(defult) (1)/portunas_fw2/Middlewares/SIC/lfreader/driver/portunas.c:469:5:portunas_afe_init	16	static
C:/Users/ASUS/Downloads/portunas_fw2(defult) (1)/portunas_fw2/Middlewares/SIC/lfreader/driver/portunas.c:566:5:portunas_afe_deinit	16	static
