../../../../Drivers/STM32L4xx_HAL_Driver/Inc/stm32l4xx_ll_rcc.h:3134:22:LL_RCC_SetUSBClockSource	16	static
C:/Users/ASUS/Downloads/portunas_fw2(defult) (1)/portunas_fw2/Application/USBDevice/Target/usbd_conf.c:69:6:HAL_PCD_MspInit	24	static
C:/Users/ASUS/Downloads/portunas_fw2(defult) (1)/portunas_fw2/Application/USBDevice/Target/usbd_conf.c:90:6:HAL_PCD_MspDeInit	16	static
C:/Users/ASUS/Downloads/portunas_fw2(defult) (1)/portunas_fw2/Application/USBDevice/Target/usbd_conf.c:117:6:HAL_PCD_SetupStageCallback	16	static
C:/Users/ASUS/Downloads/portunas_fw2(defult) (1)/portunas_fw2/Application/USBDevice/Target/usbd_conf.c:132:6:HAL_PCD_DataOutStageCallback	16	static
C:/Users/ASUS/Downloads/portunas_fw2(defult) (1)/portunas_fw2/Application/USBDevice/Target/usbd_conf.c:147:6:HAL_PCD_DataInStageCallback	16	static
C:/Users/ASUS/Downloads/portunas_fw2(defult) (1)/portunas_fw2/Application/USBDevice/Target/usbd_conf.c:161:6:HAL_PCD_SOFCallback	16	static
C:/Users/ASUS/Downloads/portunas_fw2(defult) (1)/portunas_fw2/Application/USBDevice/Target/usbd_conf.c:175:6:HAL_PCD_ResetCallback	24	static
C:/Users/ASUS/Downloads/portunas_fw2(defult) (1)/portunas_fw2/Application/USBDevice/Target/usbd_conf.c:200:6:HAL_PCD_SuspendCallback	16	static
C:/Users/ASUS/Downloads/portunas_fw2(defult) (1)/portunas_fw2/Application/USBDevice/Target/usbd_conf.c:224:6:HAL_PCD_ResumeCallback	16	static
C:/Users/ASUS/Downloads/portunas_fw2(defult) (1)/portunas_fw2/Application/USBDevice/Target/usbd_conf.c:248:6:HAL_PCD_ISOOUTIncompleteCallback	16	static
C:/Users/ASUS/Downloads/portunas_fw2(defult) (1)/portunas_fw2/Application/USBDevice/Target/usbd_conf.c:263:6:HAL_PCD_ISOINIncompleteCallback	16	static
C:/Users/ASUS/Downloads/portunas_fw2(defult) (1)/portunas_fw2/Application/USBDevice/Target/usbd_conf.c:277:6:HAL_PCD_ConnectCallback	16	static
C:/Users/ASUS/Downloads/portunas_fw2(defult) (1)/portunas_fw2/Application/USBDevice/Target/usbd_conf.c:291:6:HAL_PCD_DisconnectCallback	16	static
C:/Users/ASUS/Downloads/portunas_fw2(defult) (1)/portunas_fw2/Application/USBDevice/Target/usbd_conf.c:306:20:USBD_LL_Init	16	static
C:/Users/ASUS/Downloads/portunas_fw2(defult) (1)/portunas_fw2/Application/USBDevice/Target/usbd_conf.c:360:20:USBD_LL_DeInit	24	static
C:/Users/ASUS/Downloads/portunas_fw2(defult) (1)/portunas_fw2/Application/USBDevice/Target/usbd_conf.c:392:20:USBD_LL_Start	24	static
C:/Users/ASUS/Downloads/portunas_fw2(defult) (1)/portunas_fw2/Application/USBDevice/Target/usbd_conf.c:424:20:USBD_LL_Stop	24	static
C:/Users/ASUS/Downloads/portunas_fw2(defult) (1)/portunas_fw2/Application/USBDevice/Target/usbd_conf.c:459:20:USBD_LL_OpenEP	24	static
C:/Users/ASUS/Downloads/portunas_fw2(defult) (1)/portunas_fw2/Application/USBDevice/Target/usbd_conf.c:492:20:USBD_LL_CloseEP	24	static
C:/Users/ASUS/Downloads/portunas_fw2(defult) (1)/portunas_fw2/Application/USBDevice/Target/usbd_conf.c:525:20:USBD_LL_FlushEP	24	static
C:/Users/ASUS/Downloads/portunas_fw2(defult) (1)/portunas_fw2/Application/USBDevice/Target/usbd_conf.c:558:20:USBD_LL_StallEP	24	static
C:/Users/ASUS/Downloads/portunas_fw2(defult) (1)/portunas_fw2/Application/USBDevice/Target/usbd_conf.c:591:20:USBD_LL_ClearStallEP	24	static
C:/Users/ASUS/Downloads/portunas_fw2(defult) (1)/portunas_fw2/Application/USBDevice/Target/usbd_conf.c:624:9:USBD_LL_IsStallEP	24	static
C:/Users/ASUS/Downloads/portunas_fw2(defult) (1)/portunas_fw2/Application/USBDevice/Target/usbd_conf.c:644:20:USBD_LL_SetUSBAddress	24	static
C:/Users/ASUS/Downloads/portunas_fw2(defult) (1)/portunas_fw2/Application/USBDevice/Target/usbd_conf.c:679:20:USBD_LL_Transmit	32	static
C:/Users/ASUS/Downloads/portunas_fw2(defult) (1)/portunas_fw2/Application/USBDevice/Target/usbd_conf.c:714:20:USBD_LL_PrepareReceive	32	static
C:/Users/ASUS/Downloads/portunas_fw2(defult) (1)/portunas_fw2/Application/USBDevice/Target/usbd_conf.c:747:10:USBD_LL_GetRxDataSize	16	static
C:/Users/ASUS/Downloads/portunas_fw2(defult) (1)/portunas_fw2/Application/USBDevice/Target/usbd_conf.c:758:6:HAL_PCDEx_LPM_Callback	16	static
C:/Users/ASUS/Downloads/portunas_fw2(defult) (1)/portunas_fw2/Application/USBDevice/Target/usbd_conf.c:791:6:USBD_LL_Delay	16	static
C:/Users/ASUS/Downloads/portunas_fw2(defult) (1)/portunas_fw2/Application/USBDevice/Target/usbd_conf.c:801:7:USBD_static_malloc	16	static
C:/Users/ASUS/Downloads/portunas_fw2(defult) (1)/portunas_fw2/Application/USBDevice/Target/usbd_conf.c:812:6:USBD_static_free	16	static
C:/Users/ASUS/Downloads/portunas_fw2(defult) (1)/portunas_fw2/Application/USBDevice/Target/usbd_conf.c:823:13:SystemClockConfig_Resume	8	static
