C:/Users/ASUS/Downloads/portunas_fw2(defult) (1)/portunas_fw2/Application/System/sys/blkdev.c:31:5:blkdev_system_init	8	static
C:/Users/ASUS/Downloads/portunas_fw2(defult) (1)/portunas_fw2/Application/System/sys/blkdev.c:36:5:blkdev_register	40	static
C:/Users/ASUS/Downloads/portunas_fw2(defult) (1)/portunas_fw2/Application/System/sys/blkdev.c:93:12:blkdev_add_volume_priv	32	static
C:/Users/ASUS/Downloads/portunas_fw2(defult) (1)/portunas_fw2/Application/System/sys/blkdev.c:135:5:blkdev_add_volume	24	static
C:/Users/ASUS/Downloads/portunas_fw2(defult) (1)/portunas_fw2/Application/System/sys/blkdev.c:153:5:blkdev_unregister	24	static
C:/Users/ASUS/Downloads/portunas_fw2(defult) (1)/portunas_fw2/Application/System/sys/blkdev.c:179:12:extract_name_volume	48	static
C:/Users/ASUS/Downloads/portunas_fw2(defult) (1)/portunas_fw2/Application/System/sys/blkdev.c:213:5:blkdev_volume_size	40	static
C:/Users/ASUS/Downloads/portunas_fw2(defult) (1)/portunas_fw2/Application/System/sys/blkdev.c:245:5:blkdev_open	56	static
C:/Users/ASUS/Downloads/portunas_fw2(defult) (1)/portunas_fw2/Application/System/sys/blkdev.c:296:5:blkdev_close	48	static
C:/Users/ASUS/Downloads/portunas_fw2(defult) (1)/portunas_fw2/Application/System/sys/blkdev.c:324:8:blkdev_block_size	16	static
C:/Users/ASUS/Downloads/portunas_fw2(defult) (1)/portunas_fw2/Application/System/sys/blkdev.c:335:5:blkdev_erase_all	24	static
C:/Users/ASUS/Downloads/portunas_fw2(defult) (1)/portunas_fw2/Application/System/sys/blkdev.c:369:5:blkdev_eraseblk	48	static
C:/Users/ASUS/Downloads/portunas_fw2(defult) (1)/portunas_fw2/Application/System/sys/blkdev.c:402:5:blkdev_write	64	static
C:/Users/ASUS/Downloads/portunas_fw2(defult) (1)/portunas_fw2/Application/System/sys/blkdev.c:459:5:blkdev_writeblk	64	static
C:/Users/ASUS/Downloads/portunas_fw2(defult) (1)/portunas_fw2/Application/System/sys/blkdev.c:525:5:blkdev_read	64	static
C:/Users/ASUS/Downloads/portunas_fw2(defult) (1)/portunas_fw2/Application/System/sys/blkdev.c:580:5:blkdev_readblk	64	static
C:/Users/ASUS/Downloads/portunas_fw2(defult) (1)/portunas_fw2/Application/System/sys/blkdev.c:632:12:blkdev_write_enable	16	static
C:/Users/ASUS/Downloads/portunas_fw2(defult) (1)/portunas_fw2/Application/System/sys/blkdev.c:640:12:blkdev_write_disable	16	static
