C:/Users/ASUS/Downloads/portunas_fw2(defult)/portunas_fw2/Application/System/sys/swtimer.c:10:5:swtimer_system_init	8	static
C:/Users/ASUS/Downloads/portunas_fw2(defult)/portunas_fw2/Application/System/sys/swtimer.c:15:6:swtimer_system_check	24	static
C:/Users/ASUS/Downloads/portunas_fw2(defult)/portunas_fw2/Application/System/sys/swtimer.c:61:5:swtimer_config	24	static
C:/Users/ASUS/Downloads/portunas_fw2(defult)/portunas_fw2/Application/System/sys/swtimer.c:75:5:swtimer_start	24	static
C:/Users/ASUS/Downloads/portunas_fw2(defult)/portunas_fw2/Application/System/sys/swtimer.c:94:5:swtimer_stop	24	static
C:/Users/ASUS/Downloads/portunas_fw2(defult)/portunas_fw2/Application/System/sys/swtimer.c:110:5:swtimer_is_active	16	static
C:/Users/ASUS/Downloads/portunas_fw2(defult)/portunas_fw2/Application/System/sys/swtimer.c:121:5:swtimer_reset_counter	16	static
C:/Users/ASUS/Downloads/portunas_fw2(defult)/portunas_fw2/Application/System/sys/swtimer.c:131:5:swtimer_set_reload_value	16	static
C:/Users/ASUS/Downloads/portunas_fw2(defult)/portunas_fw2/Application/System/sys/swtimer.c:141:5:swtimer_get_reload_value	16	static
C:/Users/ASUS/Downloads/portunas_fw2(defult)/portunas_fw2/Application/System/sys/swtimer.c:151:12:compare_as_u32	16	static
